../Core/Src/fdcan.c:31:6:MX_FDCAN1_Init	8	static
../Core/Src/fdcan.c:79:6:HAL_FDCAN_MspInit	240	static
../Core/Src/fdcan.c:123:6:HAL_FDCAN_MspDeInit	16	static
../Core/Src/fdcan.c:152:5:sizeof_candl	16	static
../Core/Src/fdcan.c:190:5:sizeof_can	16	static
../Core/Src/fdcan.c:215:6:can1_init	48	static
../Core/Src/fdcan.c:255:7:HAL_FDCAN_ErrorStatusCallback	16	static
../Core/Src/fdcan.c:263:12:can1_recv	64	static
../Core/Src/fdcan.c:288:5:can1_send	64	static
../Core/Src/fdcan.c:317:6:can1_work	8232	static
